[backblue.gif]
[fade.gif]
[index.html]
[spqr.eecs.umich.edu/images/spqr-favicon.png]
[spqr.eecs.umich.edu/simile-ajax-api097f.js]
[spqr.eecs.umich.edu/exhibit-api097f.js]
[spqr.eecs.umich.edu/spqrbib.js]
[spqr.eecs.umich.edu/spqr-bibschema.js]
[spqr.eecs.umich.edu/spqr.js]
[spqr.eecs.umich.edu/images/SPQR-logo.jpg]
[spqr.eecs.umich.edu/dist/js/bootstrap.min.js]
[spqr.eecs.umich.edu/publications.html]
[spqr.eecs.umich.edu/docs-assets/js/holder.js]
[spqr.eecs.umich.edu/scripts/swapImage.js]
[spqr.eecs.umich.edu/index.html]
[spqr.eecs.umich.edu/dist/fonts/glyphicons-halflings-regular.eot]
[spqr.eecs.umich.edu/dist/fonts/glyphicons-halflings-regulard41d.eot]
[spqr.eecs.umich.edu/dist/fonts/glyphicons-halflings-regular.woff]
[spqr.eecs.umich.edu/dist/fonts/glyphicons-halflings-regular.ttf]
[spqr.eecs.umich.edu/dist/css/bootstrap.css]
[spqr.eecs.umich.edu/styles/bootstrap-spqr.css]
[spqr.eecs.umich.edu/style/spqr-pubs.css]
[spqr.eecs.umich.edu/index-2.html]
[spqr.eecs.umich.edu/images/kevin-fu.jpg]
[spqr.eecs.umich.edu/images/peter-honeyman.jpg]
[spqr.eecs.umich.edu/images/sai-gouravajhala.jpg]
[spqr.eecs.umich.edu/images/no_photo.jpg]
[spqr.eecs.umich.edu/images/ofir-weisse.jpg]
[spqr.eecs.umich.edu/images/aravind.jpg]
[spqr.eecs.umich.edu/images/evan-chavis.jpg]
[spqr.eecs.umich.edu/images/blog_icon.png]
[spqr.eecs.umich.edu/images/wayne-burleson.jpg]
[spqr.eecs.umich.edu/images/phil-lapsley.jpg]
[spqr.eecs.umich.edu/images/christof-paar.jpg]
[spqr.eecs.umich.edu/images/wenyuan-xu.jpg]
[spqr.eecs.umich.edu/images/michael-rushanan.jpg]
[spqr.eecs.umich.edu/images/georg-becker.jpg]
[spqr.eecs.umich.edu/images/shane-clark.jpg]
[spqr.eecs.umich.edu/images/gesine-hinterwaelder.jpg]
[spqr.eecs.umich.edu/images/lang-lin.jpg]
[spqr.eecs.umich.edu/images/andres-molina.jpg]
[spqr.eecs.umich.edu/images/ransford.jpg]
[spqr.eecs.umich.edu/images/negin2.png]
[spqr.eecs.umich.edu/images/denis-fookune.jpg]
[spqr.eecs.umich.edu/images/matthew-hicks.jpg]
[spqr.eecs.umich.edu/images/dan-holcomb.jpg]
[spqr.eecs.umich.edu/images/colleen-swanson.jpg]
[spqr.eecs.umich.edu/images/hee-jin.jpg]
[spqr.eecs.umich.edu/images/benessa-defend.jpg]
[spqr.eecs.umich.edu/images/shane-guineau.jpg]
[spqr.eecs.umich.edu/images/tom-heydt-benjamin.jpg]
[spqr.eecs.umich.edu/images/lychev.jpg]
[spqr.eecs.umich.edu/images/joelvdw.jpg]
[spqr.eecs.umich.edu/images/hongzhang.jpg]
[spqr.eecs.umich.edu/images/serge-zhilyaev.jpg]
[spqr.eecs.umich.edu/images/miran-alhaideri.jpg]
[spqr.eecs.umich.edu/images/vishal-joshi.jpg]
[spqr.eecs.umich.edu/images/noah-klugman.jpg]
[spqr.eecs.umich.edu/images/thomas-lovett.jpg]
[spqr.eecs.umich.edu/images/teresa-fiore.jpg]
[spqr.eecs.umich.edu/images/andrew-hall.jpg]
[spqr.eecs.umich.edu/images/olga-korobova.jpg]
[spqr.eecs.umich.edu/images/erin-mcbride.png]
[spqr.eecs.umich.edu/images/quinn-stewart.jpg]
[spqr.eecs.umich.edu/images/adam-norton.jpg]
[spqr.eecs.umich.edu/images/kasia-olejnik.jpg]
[spqr.eecs.umich.edu/images/spencer-kim.jpg]
[spqr.eecs.umich.edu/images/nicholas-terrell.jpg]
[spqr.eecs.umich.edu/images/qiyu-hu.jpg]
[spqr.eecs.umich.edu/people.html]
[spqr.eecs.umich.edu/images/blank.png]
[spqr.eecs.umich.edu/projects.html]
[spqr.eecs.umich.edu/news/FinalRetreatSheet.pdf]
[spqr.eecs.umich.edu/images/future-researchers.53.delayed]
[spqr.eecs.umich.edu/news.html]
[spqr.eecs.umich.edu/seminars.html]
[spqr.eecs.umich.edu/jobs.html]
[spqr.eecs.umich.edu/images/SPQR.png]
[spqr.eecs.umich.edu/papers/holcomb_bitline_ches14.pdf]
[spqr.eecs.umich.edu/papers/holcomb_qbf_wacas14.pdf]
[spqr.eecs.umich.edu/papers/rushanan-sok-oakland14.pdf]
[spqr.eecs.umich.edu/dram/rahmati-wacas14.pdf]
[spqr.eecs.umich.edu/papers/holcomb_PUFs_date14.pdf]
[spqr.eecs.umich.edu/papers/fookune-emi-oakland13.pdf]
[spqr.eecs.umich.edu/papers/salajegheh-thesis.pdf]
[spqr.eecs.umich.edu/papers/clark-mobihealth11.pdf]
[spqr.eecs.umich.edu/papers/salajegheh-tecs13.pdf]
[spqr.eecs.umich.edu/papers/zhang-ekho-hotpower11.pdf]
[spqr.eecs.umich.edu/papers/hanna-aed-healthsec11.pdf]
[spqr.eecs.umich.edu/papers/gollakota-SIGCOMM11-IMD.pdf]
[spqr.eecs.umich.edu/papers/fu-senate-comm-aging-med-dev-sw-apr-2011.pdf]
[spqr.eecs.umich.edu/papers/salajegheh-halfwits-FAST11.pdf]
[spqr.eecs.umich.edu/papers/fu-trustworthy-medical-device-software-IOM11.pdf]
[spqr.eecs.umich.edu/papers/ransford-mementos-asplos11.pdf]
[spqr.eecs.umich.edu/papers/molina-markham-buildsys10.pdf]
[spqr.eecs.umich.edu/papers/MobiSys10-SolarCRFID.pdf]
[spqr.eecs.umich.edu/papers/clark-autonomous-CRFID-hotpower09.pdf]
[spqr.eecs.umich.edu/papers/salajegheh-CCCP-usenix09.pdf]
[spqr.eecs.umich.edu/papers/salajegheh-DMD09-abstract.pdf]
[spqr.eecs.umich.edu/papers/holcomb-FERNS-IEEE-Computers.pdf]
[spqr.eecs.umich.edu/papers/ransford-CRFIDs-hotpower08-30112008.pdf]
[spqr.eecs.umich.edu/papers/watchdog-hotsec08.pdf]
[spqr.eecs.umich.edu/papers/b1kohFINAL2.pdf]
[spqr.eecs.umich.edu/papers/holcomb-FERNS-RFIDSec07.pdf]
[spqr.eecs.umich.edu/papers/chae-RFIDSec07.pdf]
[spqr.eecs.umich.edu/papers/defend-persec07.pdf]
[spqr.eecs.umich.edu/papers/RFID-CC-LNCS.pdf]
[spqr.eecs.umich.edu/papers/ateniese-proxy-reenc-ndss05.pdf]
[spqr.eecs.umich.edu/papers/email.pdf]
[spqr.eecs.umich.edu/papers/graveman-amac.pdf]
[spqr.eecs.umich.edu/papers/secureupdates-hotsec06.pdf]
[spqr.eecs.umich.edu/papers/heydt-benjamin-pet06.pdf]
[spqr.eecs.umich.edu/papers/fu-key-regression-ndss06.pdf]
[spqr.eecs.umich.edu/papers/ateniese-proxy-reenc-tissec.pdf]
[spqr.eecs.umich.edu/papers/fu-masters.pdf]
[spqr.eecs.umich.edu/papers/webauth-tr.pdf]
[spqr.eecs.umich.edu/papers/sfsro-tocs.pdf]
[spqr.eecs.umich.edu/papers/sfsro-osdi2000.pdf]
[spqr.eecs.umich.edu/papers/fu-phd-thesis.pdf]
[spqr.eecs.umich.edu/papers/rex-usenix04.pdf]
[spqr.eecs.umich.edu/papers/webauth-sec01.pdf]
[spqr.eecs.umich.edu/papers/FAST2003-plutus.pdf]
[spqr.eecs.umich.edu/papers/49SS2-3_burleson.pdf]
[spqr.eecs.umich.edu/papers/rahmati-usenix12.pdf]
[spqr.eecs.umich.edu/tardis/TARDIS_Abstract_Oakland12.pdf]
[spqr.eecs.umich.edu/papers/holcomb-rfidsec12.pdf]
[spqr.eecs.umich.edu/papers/clark-potentia-hotsec12.pdf]
[spqr.eecs.umich.edu/papers/walls-hotsec12.pdf]
[spqr.eecs.umich.edu/papers/molina-markham-phd-thesis.pdf]
[spqr.eecs.umich.edu/papers/ransford-thesis.pdf]
[spqr.eecs.umich.edu/papers/ssclark-thesis.pdf]
[spqr.eecs.umich.edu/papers/clark-esorics13.pdf]
[spqr.eecs.umich.edu/papers/clark-healthtech13.pdf]
[spqr.eecs.umich.edu/publications-flat.html]
[spqr.eecs.umich.edu/spqrbib_bib.html]
[spqr.eecs.umich.edu/dist/fonts/glyphicons-halflings-regular.svg]
[spqr.eecs.umich.edu/fonts/glyphicons-halflings-regular.html]
[spqr.eecs.umich.edu/fonts/glyphicons-halflings-regulard41d.html]
[spqr.eecs.umich.edu/fonts/glyphicons-halflings-regular-2.html]
[spqr.eecs.umich.edu/fonts/glyphicons-halflings-regular-3.html]
[spqr.eecs.umich.edu/fonts/glyphicons-halflings-regular-4.html]
[spqr.eecs.umich.edu/js/simile/simile-ajax-api097f.js]
[spqr.eecs.umich.edu/js/exhibit/exhibit-apicf74.js]
[spqr.eecs.umich.edu/subpub.js]
[spqr.eecs.umich.edu/emi/waveforms_emi.png]
[spqr.eecs.umich.edu/emi/index.html]
[spqr.eecs.umich.edu/ekho/index.html]
[spqr.eecs.umich.edu/tardis/index.html]
[spqr.eecs.umich.edu/half-wits/halfwits-logo.png]
[spqr.eecs.umich.edu/half-wits/index.html]
[spqr.eecs.umich.edu/mementos/asplos11-mementos-slide16.png]
[spqr.eecs.umich.edu/mementos/asplos11-slides-ransford.pdf]
[spqr.eecs.umich.edu/mementos/index.html]
[spqr.eecs.umich.edu/moo/Moo_files/moo-logo.png]
[spqr.eecs.umich.edu/moo/Documents/Moo_01242011.pdf]
[spqr.eecs.umich.edu/moo/Documents/Moo_01242011.ppt]
[spqr.eecs.umich.edu/moo/Documents/moo-tutorial.pdf]
[spqr.eecs.umich.edu/moo/Moo_files/Moo_Quarter.png]
[spqr.eecs.umich.edu/moo/Moo_files/Moo_Programmer.jpg]
[spqr.eecs.umich.edu/moo/Moo_files/Moo_Reader_Programmer_Computer.jpg]
[spqr.eecs.umich.edu/moo/wheres-the-beef.txt]
[spqr.eecs.umich.edu/moo/Moo_files/nsf.jpg]
[spqr.eecs.umich.edu/moo/index.html]
[spqr.eecs.umich.edu/moo/Moo_files/sharpslogo.png]
[spqr.eecs.umich.edu/payg/ITPS.jpg]
[spqr.eecs.umich.edu/payg/BerlinerThesis4720112.pdf]
[spqr.eecs.umich.edu/payg/index.html]
[spqr.eecs.umich.edu/pmeters/images/privacy_smart_meters.png]
[spqr.eecs.umich.edu/pmeters/index.html]
[spqr.eecs.umich.edu/trojansc/TrojanSideChannel3.png]
[spqr.eecs.umich.edu/trojansc/index.html]
[spqr.eecs.umich.edu/slpa/learning.png]
[spqr.eecs.umich.edu/slpa/index.html]
[spqr.eecs.umich.edu/events/2012-medcomm/talks/HugoCampos_Helsinki_Presentation_Final.pdf]
[spqr.eecs.umich.edu/events/2012-medcomm/talks/adapoon-medcomm2012.pdf]
[spqr.eecs.umich.edu/events/2012-medcomm/MedCOMM_Program.pdf]
[spqr.eecs.umich.edu/events/2012-medcomm/MedCOMM2012.ics]
[spqr.eecs.umich.edu/events/2012-medcomm/calendar.png]
[spqr.eecs.umich.edu/events/2012-medcomm/index.html]
[spqr.eecs.umich.edu/publications717f.html]
[spqr.eecs.umich.edu/events/2013-dan-holcomb/dan-holcomb.jpg]
[spqr.eecs.umich.edu/events/2013-dan-holcomb/dan-holcomb-flyer.pdf]
[spqr.eecs.umich.edu/events/2013-dan-holcomb/index.html]
[spqr.eecs.umich.edu/events/2011-regazzoni/regazzoni.jpg]
[spqr.eecs.umich.edu/events/2011-regazzoni/index.html]
[spqr.eecs.umich.edu/events/mcgraw/gem05-crop.jpg]
[spqr.eecs.umich.edu/events/mcgraw/index.html]
[spqr.eecs.umich.edu/events/mcgraw/cigitalposter.pdf]
[spqr.eecs.umich.edu/events/2011-king-sam/sam-king.jpg]
[spqr.eecs.umich.edu/events/2011-king-sam/index.html]
[spqr.eecs.umich.edu/events/2010-xu-wenyuan/wenyuan-xu.jpg]
[spqr.eecs.umich.edu/events/2010-xu-wenyuan/drive.png]
[spqr.eecs.umich.edu/events/2010-xu-wenyuan/index.html]
[spqr.eecs.umich.edu/events/2009-jiang-andrew/andrew-jiang.jpg]
[spqr.eecs.umich.edu/events/2009-jiang-andrew/index.html]
[spqr.eecs.umich.edu/events/2009-clarke-richard/richard-clarke.jpg]
[spqr.eecs.umich.edu/events/2009-clarke-richard/index.html]
[spqr.eecs.umich.edu/events/2009-clarke-richard/richard-clarke-audience.jpg]
[spqr.eecs.umich.edu/style/spqr-screen.css]
[spqr.eecs.umich.edu/spqrbib.html]
[spqr.eecs.umich.edu/emi/emi.css]
[spqr.eecs.umich.edu/emi/publications-flat.html]
[spqr.eecs.umich.edu/emi/spqrbib_bib.html]
[spqr.eecs.umich.edu/ekho/ekho.css]
[spqr.eecs.umich.edu/ekho/publications-flat.html]
[spqr.eecs.umich.edu/ekho/spqrbib_bib.html]
[spqr.eecs.umich.edu/tardis/half-wits.html]
[spqr.eecs.umich.edu/tardis/publications-flat.html]
[spqr.eecs.umich.edu/half-wits/half-wits.css]
[spqr.eecs.umich.edu/half-wits/publications-flat.html]
[spqr.eecs.umich.edu/half-wits/spqrbib_bib.html]
[spqr.eecs.umich.edu/mementos/mementos.css]
[spqr.eecs.umich.edu/mementos/publications-flat.html]
[spqr.eecs.umich.edu/mementos/spqrbib_bib.html]
[spqr.eecs.umich.edu/moo/moo.css]
[spqr.eecs.umich.edu/moo/apps/concrete/images/wisp_blocks.jpg]
[spqr.eecs.umich.edu/moo/apps/concrete/images/moo.jpg]
[spqr.eecs.umich.edu/moo/apps/concrete/images/CIMG2323.jpg]
[spqr.eecs.umich.edu/moo/apps/concrete/images/DSCN2172.jpg]
[spqr.eecs.umich.edu/moo/apps/concrete/images/DSCN2084.jpg]
[spqr.eecs.umich.edu/moo/apps/concrete/images/DSCN2086.jpg]
[spqr.eecs.umich.edu/moo/apps/concrete/images/DSCN2091.jpg]
[spqr.eecs.umich.edu/moo/apps/concrete/images/DSCN2100.jpg]
[spqr.eecs.umich.edu/moo/apps/concrete/images/DSCN2095.jpg]
[spqr.eecs.umich.edu/moo/apps/concrete/images/DSCN2094.jpg]
[spqr.eecs.umich.edu/moo/apps/concrete/images/medium_strenght.jpg]
[spqr.eecs.umich.edu/moo/apps/concrete/images/DSCN2174.jpg]
[spqr.eecs.umich.edu/moo/apps/concrete/images/DSCN2173.jpg]
[spqr.eecs.umich.edu/moo/apps/concrete/images/DSCN2178.jpg]
[spqr.eecs.umich.edu/moo/apps/concrete/images/IMG_2701.jpg]
[spqr.eecs.umich.edu/moo/apps/concrete/images/IMG_2703.jpg]
[spqr.eecs.umich.edu/moo/apps/concrete/images/IMG_9238.jpg]
[spqr.eecs.umich.edu/moo/apps/concrete/images/IMG_9240.jpg]
[spqr.eecs.umich.edu/moo/apps/concrete/index.html]
[spqr.eecs.umich.edu/moo/publications-flat.html]
[spqr.eecs.umich.edu/moo/spqrbib_bib.html]
[spqr.eecs.umich.edu/payg/payg.css]
[spqr.eecs.umich.edu/pmeters/publications-flat.html]
[spqr.eecs.umich.edu/pmeters/spqrbib_bib.html]
[spqr.eecs.umich.edu/slpa/slpa.css]
[spqr.eecs.umich.edu/slpa/publications-flat.html]
[spqr.eecs.umich.edu/slpa/spqrbib_bib.html]
[spqr.eecs.umich.edu/moo/apps/concrete/mementos.css]
